     VMA      LMA     Size Align Out     In      Symbol
       0        0 80200000     1 . = 0x80200000
80200000        0        0     1 __kernel_base = .
80200000 80200000     18ea     4 .text
80200000 80200000        e     2         /var/folders/hw/r5t5ryts3r7fw374z_3h5bmw0000gp/T/kernel-a3d102.o:(.text.boot)
80200000 80200000        0     1                 .L0 
80200000 80200000        0     1                 .L0 
80200000 80200000        0     1                 $x
80200000 80200000        0     1                 .L0 
80200000 80200000        e     1                 boot
8020000e 8020000e        0     1                 .L0 
8020000e 8020000e        0     1                 .L0 
80200010 80200010      990     4         /var/folders/hw/r5t5ryts3r7fw374z_3h5bmw0000gp/T/kernel-a3d102.o:(.text)
80200010 80200010        0     1                 .L0 
80200010 80200010        0     1                 .L0 
80200010 80200010        0     1                 $x
80200010 80200010        0     1                 .L0 
80200010 80200010       50     1                 alloc_pages
80200016 80200016        0     1                 .L0 
80200016 80200016        0     1                 .L0 
8020001e 8020001e        0     1                 .L0 
8020001e 8020001e        0     1                 .L0 
80200022 80200022        0     1                 .L0 
80200026 80200026        0     1                 .L0 
80200026 80200026        0     1                 .L0 
8020002e 8020002e        0     1                 .L0 
80200032 80200032        0     1                 .L0 
80200036 80200036        0     1                 .L0 
8020004c 8020004c        0     1                 .L0 
8020004e 8020004e        0     1                 .L0 
8020004e 8020004e        0     1                 .L0 
80200056 80200056        0     1                 .L0 
80200056 80200056        0     1                 .L0 
80200058 80200058        0     1                 .L0 
8020005c 8020005c        0     1                 .L0 
8020005c 8020005c        0     1                 .L0 
80200060 80200060        0     1                 .L0 
80200060 80200060        0     1                 .L0 
80200060 80200060        0     1                 .L0 
80200060 80200060        0     1                 .L0 
80200060 80200060        0     1                 .L0 
80200060 80200060       de     1                 map_page
8020006e 8020006e        0     1                 .L0 
80200070 80200070        0     1                 .L0 
80200070 80200070        0     1                 .L0 
80200074 80200074        0     1                 .L0 
80200078 80200078        0     1                 .L0 
80200088 80200088        0     1                 .L0 
8020008a 8020008a        0     1                 .L0 
8020008e 8020008e        0     1                 .L0 
80200090 80200090        0     1                 .L0 
80200090 80200090        0     1                 .L0 
80200090 80200090        0     1                 .L0 
80200096 80200096        0     1                 .L0 
80200098 80200098        0     1                 .L0 
8020009c 8020009c        0     1                 .L0 
802000aa 802000aa        0     1                 .L0 
802000ae 802000ae        0     1                 .L0 
802000b2 802000b2        0     1                 .L0 
802000b4 802000b4        0     1                 .L0 
802000b4 802000b4        0     1                 .L0 
802000b4 802000b4        0     1                 .L0 
802000c0 802000c0        0     1                 .L0 
802000c0 802000c0        0     1                 .L0 
802000c6 802000c6        0     1                 .L0 
802000c6 802000c6        0     1                 .L0 
802000ce 802000ce        0     1                 .L0 
802000ce 802000ce        0     1                 .L0 
802000d0 802000d0        0     1                 .L0 
802000d2 802000d2        0     1                 .L0 
802000da 802000da        0     1                 .L0 
802000de 802000de        0     1                 .L0 
802000e2 802000e2        0     1                 .L0 
802000f4 802000f4        0     1                 .L0 
802000f8 802000f8        0     1                 .L0 
802000fa 802000fa        0     1                 .L0 
802000fa 802000fa        0     1                 .L0 
802000fa 802000fa        0     1                 .L0 
802000fc 802000fc        0     1                 .L0 
802000fc 802000fc        0     1                 .L0 
80200104 80200104        0     1                 .L0 
80200108 80200108        0     1                 .L0 
80200108 80200108        0     1                 .L0 
8020010c 8020010c        0     1                 .L0 
80200116 80200116        0     1                 .L0 
80200116 80200116        0     1                 .L0 
8020011c 8020011c        0     1                 .L0 
80200122 80200122        0     1                 .L0 
8020012c 8020012c        0     1                 .L0 
8020012e 8020012e        0     1                 .L0 
8020013a 8020013a        0     1                 .L0 
8020013e 8020013e        0     1                 .L0 
8020013e 8020013e        0     1                 .L0 
8020013e 8020013e        0     1                 .L0 
8020013e 8020013e        0     1                 .L0 
8020013e 8020013e        0     1                 .L0 
8020013e 8020013e       14     1                 user_entry
80200146 80200146        0     1                 .L0 
80200152 80200152        0     1                 .L0 
80200152 80200152        0     1                 .L0 
80200152 80200152        0     1                 .L0 
80200152 80200152      270     1                 create_process
8020016e 8020016e        0     1                 .L0 
80200170 80200170        0     1                 .L0 
80200170 80200170        0     1                 .L0 
8020017e 8020017e        0     1                 .L0 
8020017e 8020017e        0     1                 .L0 
80200180 80200180        0     1                 .L0 
80200180 80200180        0     1                 .L0 
80200188 80200188        0     1                 .L0 
8020018a 8020018a        0     1                 .L0 
8020018a 8020018a        0     1                 .L0 
80200192 80200192        0     1                 .L0 
80200194 80200194        0     1                 .L0 
80200194 80200194        0     1                 .L0 
8020019c 8020019c        0     1                 .L0 
8020019e 8020019e        0     1                 .L0 
8020019e 8020019e        0     1                 .L0 
802001a6 802001a6        0     1                 .L0 
802001a8 802001a8        0     1                 .L0 
802001a8 802001a8        0     1                 .L0 
802001b0 802001b0        0     1                 .L0 
802001b2 802001b2        0     1                 .L0 
802001b2 802001b2        0     1                 .L0 
802001ba 802001ba        0     1                 .L0 
802001bc 802001bc        0     1                 .L0 
802001bc 802001bc        0     1                 .L0 
802001c4 802001c4        0     1                 .L0 
802001c6 802001c6        0     1                 .L0 
802001c6 802001c6        0     1                 .L0 
802001dc 802001dc        0     1                 .L0 
802001de 802001de        0     1                 .L0 
802001de 802001de        0     1                 .L0 
802001de 802001de        0     1                 .L0 
802001e2 802001e2        0     1                 .L0 
802001e2 802001e2        0     1                 .L0 
802001e8 802001e8        0     1                 .L0 
802001ea 802001ea        0     1                 .L0 
802001ea 802001ea        0     1                 .L0 
802001ea 802001ea        0     1                 .L0 
802001f2 802001f2        0     1                 .L0 
802001f4 802001f4        0     1                 .L0 
802001f4 802001f4        0     1                 .L0 
802001f4 802001f4        0     1                 .L0 
802001fc 802001fc        0     1                 .L0 
802001fe 802001fe        0     1                 .L0 
802001fe 802001fe        0     1                 .L0 
802001fe 802001fe        0     1                 .L0 
80200206 80200206        0     1                 .L0 
80200208 80200208        0     1                 .L0 
80200208 80200208        0     1                 .L0 
80200208 80200208        0     1                 .L0 
80200210 80200210        0     1                 .L0 
80200212 80200212        0     1                 .L0 
80200212 80200212        0     1                 .L0 
80200212 80200212        0     1                 .L0 
8020021a 8020021a        0     1                 .L0 
8020021c 8020021c        0     1                 .L0 
8020021c 8020021c        0     1                 .L0 
8020021c 8020021c        0     1                 .L0 
80200224 80200224        0     1                 .L0 
80200224 80200224        0     1                 .L0 
8020022c 8020022c        0     1                 .L0 
8020022c 8020022c        0     1                 .L0 
8020022e 8020022e        0     1                 .L0 
8020022e 8020022e        0     1                 .L0 
80200238 80200238        0     1                 .L0 
80200238 80200238        0     1                 .L0 
8020023e 8020023e        0     1                 .L0 
8020024a 8020024a        0     1                 .L0 
8020024a 8020024a        0     1                 .L0 
8020024c 8020024c        0     1                 .L0 
80200250 80200250        0     1                 .L0 
80200254 80200254        0     1                 .L0 
80200258 80200258        0     1                 .L0 
8020025c 8020025c        0     1                 .L0 
80200260 80200260        0     1                 .L0 
80200264 80200264        0     1                 .L0 
80200268 80200268        0     1                 .L0 
8020026c 8020026c        0     1                 .L0 
80200270 80200270        0     1                 .L0 
80200278 80200278        0     1                 .L0 
8020027c 8020027c        0     1                 .L0 
80200280 80200280        0     1                 .L0 
80200280 80200280        0     1                 .L0 
80200284 80200284        0     1                 .L0 
80200284 80200284        0     1                 .L0 
80200298 80200298        0     1                 .L0 
8020029a 8020029a        0     1                 .L0 
8020029a 8020029a        0     1                 .L0 
8020029c 8020029c        0     1                 .L0 
802002a8 802002a8        0     1                 .L0 
802002a8 802002a8        0     1                 .L0 
802002b0 802002b0        0     1                 .L0 
802002b0 802002b0        0     1                 .L0 
802002b4 802002b4        0     1                 .L0 
802002b4 802002b4        0     1                 .L0 
802002b4 802002b4        0     1                 .L0 
802002be 802002be        0     1                 .L0 
802002be 802002be        0     1                 .L0 
802002c0 802002c0        0     1                 .L0 
802002c4 802002c4        0     1                 .L0 
802002c4 802002c4        0     1                 .L0 
802002c4 802002c4        0     1                 .L0 
802002c8 802002c8        0     1                 .L0 
802002ce 802002ce        0     1                 .L0 
802002ce 802002ce        0     1                 .L0 
802002d6 802002d6        0     1                 .L0 
802002d6 802002d6        0     1                 .L0 
802002d8 802002d8        0     1                 .L0 
802002de 802002de        0     1                 .L0 
802002e2 802002e2        0     1                 .L0 
802002f6 802002f6        0     1                 .L0 
802002f8 802002f8        0     1                 .L0 
802002f8 802002f8        0     1                 .L0 
80200302 80200302        0     1                 .L0 
80200302 80200302        0     1                 .L0 
80200304 80200304        0     1                 .L0 
8020030e 8020030e        0     1                 .L0 
8020030e 8020030e        0     1                 .L0 
80200316 80200316        0     1                 .L0 
8020031c 8020031c        0     1                 .L0 
8020031c 8020031c        0     1                 .L0 
80200320 80200320        0     1                 .L0 
80200320 80200320        0     1                 .L0 
80200332 80200332        0     1                 .L0 
80200332 80200332        0     1                 .L0 
80200334 80200334        0     1                 .L0 
80200334 80200334        0     1                 .L0 
80200336 80200336        0     1                 .L0 
8020033c 8020033c        0     1                 .L0 
8020033c 8020033c        0     1                 .L0 
80200340 80200340        0     1                 .L0 
80200348 80200348        0     1                 .L0 
80200348 80200348        0     1                 .L0 
8020034a 8020034a        0     1                 .L0 
80200352 80200352        0     1                 .L0 
80200356 80200356        0     1                 .L0 
80200356 80200356        0     1                 .L0 
80200356 80200356        0     1                 .L0 
8020035a 8020035a        0     1                 .L0 
8020035a 8020035a        0     1                 .L0 
80200362 80200362        0     1                 .L0 
80200366 80200366        0     1                 .L0 
8020036e 8020036e        0     1                 .L0 
8020036e 8020036e        0     1                 .L0 
80200370 80200370        0     1                 .L0 
80200370 80200370        0     1                 .L0 
80200374 80200374        0     1                 .L0 
80200374 80200374        0     1                 .L0 
80200378 80200378        0     1                 .L0 
8020037c 8020037c        0     1                 .L0 
80200380 80200380        0     1                 .L0 
80200384 80200384        0     1                 .L0 
80200388 80200388        0     1                 .L0 
8020038c 8020038c        0     1                 .L0 
8020038e 8020038e        0     1                 .L0 
8020039a 8020039a        0     1                 .L0 
8020039c 8020039c        0     1                 .L0 
8020039e 8020039e        0     1                 .L0 
802003a2 802003a2        0     1                 .L0 
802003a8 802003a8        0     1                 .L0 
802003ac 802003ac        0     1                 .L0 
802003ac 802003ac        0     1                 .L0 
802003ac 802003ac        0     1                 .L0 
802003c0 802003c0        0     1                 .L0 
802003c2 802003c2        0     1                 .L0 
802003c2 802003c2        0     1                 .L0 
802003c2 802003c2        0     1                 .L0 
802003c2 802003c2        0     1                 .L0 
802003c2 802003c2        0     1                 .L0 
802003c2 802003c2        0     1                 .L0 
802003c2 802003c2       46     1                 switch_context
80200408 80200408        0     1                 .L0 
80200408 80200408        0     1                 .L0 
80200408 80200408        0     1                 .L0 
80200408 80200408      196     1                 yield
80200410 80200410        0     1                 .L0 
80200410 80200410        0     1                 .L0 
80200414 80200414        0     1                 .L0 
80200414 80200414        0     1                 .L0 
80200422 80200422        0     1                 .L0 
80200434 80200434        0     1                 .L0 
80200434 80200434        0     1                 .L0 
80200436 80200436        0     1                 .L0 
80200436 80200436        0     1                 .L0 
8020043a 8020043a        0     1                 .L0 
8020043a 8020043a        0     1                 .L0 
8020043c 8020043c        0     1                 .L0 
8020043c 8020043c        0     1                 .L0 
80200440 80200440        0     1                 .L0 
80200442 80200442        0     1                 .L0 
80200446 80200446        0     1                 .L0 
80200446 80200446        0     1                 .L0 
8020044e 8020044e        0     1                 .L0 
80200462 80200462        0     1                 .L0 
80200464 80200464        0     1                 .L0 
80200468 80200468        0     1                 .L0 
8020046a 8020046a        0     1                 .L0 
8020046e 8020046e        0     1                 .L0 
8020046e 8020046e        0     1                 .L0 
80200476 80200476        0     1                 .L0 
8020048a 8020048a        0     1                 .L0 
8020048e 8020048e        0     1                 .L0 
80200492 80200492        0     1                 .L0 
80200494 80200494        0     1                 .L0 
80200498 80200498        0     1                 .L0 
80200498 80200498        0     1                 .L0 
802004a0 802004a0        0     1                 .L0 
802004b4 802004b4        0     1                 .L0 
802004b6 802004b6        0     1                 .L0 
802004ba 802004ba        0     1                 .L0 
802004bc 802004bc        0     1                 .L0 
802004c0 802004c0        0     1                 .L0 
802004c0 802004c0        0     1                 .L0 
802004c8 802004c8        0     1                 .L0 
802004dc 802004dc        0     1                 .L0 
802004e0 802004e0        0     1                 .L0 
802004e4 802004e4        0     1                 .L0 
802004e6 802004e6        0     1                 .L0 
802004ea 802004ea        0     1                 .L0 
802004ea 802004ea        0     1                 .L0 
802004f2 802004f2        0     1                 .L0 
80200506 80200506        0     1                 .L0 
80200508 80200508        0     1                 .L0 
8020050c 8020050c        0     1                 .L0 
8020050e 8020050e        0     1                 .L0 
80200512 80200512        0     1                 .L0 
80200512 80200512        0     1                 .L0 
8020051a 8020051a        0     1                 .L0 
8020052e 8020052e        0     1                 .L0 
80200532 80200532        0     1                 .L0 
80200536 80200536        0     1                 .L0 
80200538 80200538        0     1                 .L0 
8020053c 8020053c        0     1                 .L0 
8020053c 8020053c        0     1                 .L0 
80200558 80200558        0     1                 .L0 
8020055c 8020055c        0     1                 .L0 
8020055e 8020055e        0     1                 .L0 
80200562 80200562        0     1                 .L0 
80200562 80200562        0     1                 .L0 
80200564 80200564        0     1                 .L0 
80200564 80200564        0     1                 .L0 
80200568 80200568        0     1                 .L0 
80200570 80200570        0     1                 .L0 
80200572 80200572        0     1                 .L0 
80200574 80200574        0     1                 .L0 
8020057a 8020057a        0     1                 .L0 
8020057c 8020057c        0     1                 .L0 
8020058c 8020058c        0     1                 .L0 
80200590 80200590        0     1                 .L0 
80200590 80200590        0     1                 .L0 
80200592 80200592        0     1                 .L0 
80200592 80200592        0     1                 .L0 
80200596 80200596        0     1                 .L0 
8020059a 8020059a        0     1                 .L0 
8020059a 8020059a        0     1                 .L0 
8020059c 8020059c        0     1                 .L0 
8020059c 8020059c        0     1                 .L0 
8020059e 8020059e        0     1                 .L0 
8020059e 8020059e        0     1                 .L0 
8020059e 8020059e        0     1                 .L0 
8020059e 8020059e        0     1                 .L0 
8020059e 8020059e        0     1                 .L0 
8020059e 8020059e        6     1                 sbi_call
802005a2 802005a2        0     1                 .L0 
802005a2 802005a2        0     1                 .L0 
802005a4 802005a4        0     1                 .L0 
802005a4 802005a4        0     1                 .L0 
802005a4 802005a4        0     1                 .L0 
802005a4 802005a4       14     1                 putchar
802005b6 802005b6        0     1                 .L0 
802005b6 802005b6        0     1                 .L0 
802005b8 802005b8        0     1                 .L0 
802005b8 802005b8        0     1                 .L0 
802005b8 802005b8        0     1                 .L0 
802005b8 802005b8       16     1                 getchar
802005cc 802005cc        0     1                 .L0 
802005cc 802005cc        0     1                 .L0 
802005ce 802005ce        0     1                 .L0 
802005d0 802005d0        0     1                 .L0 
802005d0 802005d0        0     1                 .L0 
802005d0 802005d0        0     1                 .L0 
802005d0 802005d0       96     1                 kernel_entry
80200666 80200666        0     1                 .L0 
80200666 80200666        0     1                 .L0 
80200666 80200666        0     1                 .L0 
80200666 80200666        0     1                 .L0 
80200666 80200666        0     1                 .L0 
80200666 80200666      10e     1                 handle_syscall
8020066c 8020066c        0     1                 .L0 
80200688 80200688        0     1                 .L0 
802006a2 802006a2        0     1                 .L0 
802006a2 802006a2        0     1                 .L0 
802006a6 802006a6        0     1                 .L0 
802006b8 802006b8        0     1                 .L0 
802006b8 802006b8        0     1                 .L0 
802006ba 802006ba        0     1                 .L0 
802006ba 802006ba        0     1                 .L0 
802006ba 802006ba        0     1                 .L0 
802006bc 802006bc        0     1                 .L0 
802006bc 802006bc        0     1                 .L0 
802006c0 802006c0        0     1                 .L0 
802006c0 802006c0        0     1                 .L0 
802006c2 802006c2        0     1                 .L0 
802006c2 802006c2        0     1                 .L0 
802006c2 802006c2        0     1                 .L0 
802006ca 802006ca        0     1                 .L0 
802006ca 802006ca        0     1                 .L0 
802006cc 802006cc        0     1                 .L0 
802006d6 802006d6        0     1                 .L0 
802006d6 802006d6        0     1                 .L0 
802006dc 802006dc        0     1                 .L0 
802006de 802006de        0     1                 .L0 
802006e0 802006e0        0     1                 .L0 
802006e0 802006e0        0     1                 .L0 
802006f6 802006f6        0     1                 .L0 
802006f8 802006f8        0     1                 .L0 
802006f8 802006f8        0     1                 .L0 
802006f8 802006f8        0     1                 .L0 
802006fa 802006fa        0     1                 .L0 
8020070e 8020070e        0     1                 .L0 
8020070e 8020070e        0     1                 .L0 
80200712 80200712        0     1                 .L0 
80200712 80200712        0     1                 .L0 
80200712 80200712        0     1                 .L0 
80200714 80200714        0     1                 .L0 
80200714 80200714        0     1                 .L0 
80200728 80200728        0     1                 .L0 
80200728 80200728        0     1                 .L0 
8020072c 8020072c        0     1                 .L0 
8020072c 8020072c        0     1                 .L0 
8020072c 8020072c        0     1                 .L0 
80200748 80200748        0     1                 .L0 
80200748 80200748        0     1                 .L0 
80200748 80200748        0     1                 .L0 
8020074c 8020074c        0     1                 .L0 
80200750 80200750        0     1                 .L0 
80200750 80200750        0     1                 .L0 
80200750 80200750        0     1                 .L0 
80200750 80200750        0     1                 .L0 
80200754 80200754        0     1                 .L0 
80200754 80200754        0     1                 .L0 
80200754 80200754        0     1                 .L0 
80200758 80200758        0     1                 .L0 
8020075a 8020075a        0     1                 .L0 
8020075a 8020075a        0     1                 .L0 
8020075c 8020075c        0     1                 .L0 
8020075c 8020075c        0     1                 .L0 
8020075c 8020075c        0     1                 .L0 
8020075c 8020075c        0     1                 .L0 
80200760 80200760        0     1                 .L0 
80200772 80200772        0     1                 .L0 
80200774 80200774        0     1                 .L0 
80200774 80200774        0     1                 .L0 
80200774 80200774        0     1                 .L0 
80200774 80200774        0     1                 .L0 
80200774 80200774        0     1                 .L0 
80200774 80200774       42     1                 handle_trap
8020077a 8020077a        0     1                 .L0 
8020077a 8020077a        0     1                 .L0 
8020077e 8020077e        0     1                 .L0 
80200782 80200782        0     1                 .L0 
80200784 80200784        0     1                 .L0 
80200788 80200788        0     1                 .L0 
80200788 80200788        0     1                 .L0 
8020078c 8020078c        0     1                 .L0 
8020078c 8020078c        0     1                 .L0 
8020078e 8020078e        0     1                 .L0 
8020078e 8020078e        0     1                 .L0 
80200790 80200790        0     1                 .L0 
80200790 80200790        0     1                 .L0 
80200794 80200794        0     1                 .L0 
80200798 80200798        0     1                 .L0 
80200798 80200798        0     1                 .L0 
8020079c 8020079c        0     1                 .L0 
8020079c 8020079c        0     1                 .L0 
8020079c 8020079c        0     1                 .L0 
802007a0 802007a0        0     1                 .L0 
802007b4 802007b4        0     1                 .L0 
802007b6 802007b6        0     1                 .L0 
802007b6 802007b6        0     1                 .L0 
802007b6 802007b6        0     1                 .L0 
802007b6 802007b6        0     1                 .L0 
802007b6 802007b6        0     1                 .L0 
802007b6 802007b6       10     1                 delay
802007be 802007be        0     1                 .L0 
802007c0 802007c0        0     1                 .L0 
802007c2 802007c2        0     1                 .L0 
802007c2 802007c2        0     1                 .L0 
802007c4 802007c4        0     1                 .L0 
802007c4 802007c4        0     1                 .L0 
802007c6 802007c6        0     1                 .L0 
802007c6 802007c6        0     1                 .L0 
802007c6 802007c6        0     1                 .L0 
802007c6 802007c6       3a     1                 proc_a_entry
802007cc 802007cc        0     1                 .L0 
802007d6 802007d6        0     1                 .L0 
802007d6 802007d6        0     1                 .L0 
802007de 802007de        0     1                 .L0 
802007de 802007de        0     1                 .L0 
802007de 802007de        0     1                 .L0 
802007f4 802007f4        0     1                 .L0 
802007f4 802007f4        0     1                 .L0 
802007f6 802007f6        0     1                 .L0 
802007f6 802007f6        0     1                 .L0 
802007f8 802007f8        0     1                 .L0 
802007fa 802007fa        0     1                 .L0 
802007fc 802007fc        0     1                 .L0 
802007fc 802007fc        0     1                 .L0 
80200800 80200800        0     1                 .L0 
80200800 80200800        0     1                 .L0 
80200800 80200800        0     1                 .L0 
80200800 80200800        0     1                 .L0 
80200800 80200800        0     1                 .L0 
80200800 80200800       3a     1                 proc_b_entry
80200806 80200806        0     1                 .L0 
80200810 80200810        0     1                 .L0 
80200810 80200810        0     1                 .L0 
80200818 80200818        0     1                 .L0 
80200818 80200818        0     1                 .L0 
80200818 80200818        0     1                 .L0 
8020082e 8020082e        0     1                 .L0 
8020082e 8020082e        0     1                 .L0 
80200830 80200830        0     1                 .L0 
80200830 80200830        0     1                 .L0 
80200832 80200832        0     1                 .L0 
80200834 80200834        0     1                 .L0 
80200836 80200836        0     1                 .L0 
80200836 80200836        0     1                 .L0 
8020083a 8020083a        0     1                 .L0 
8020083a 8020083a        0     1                 .L0 
8020083a 8020083a        0     1                 .L0 
8020083a 8020083a        0     1                 .L0 
8020083a 8020083a        0     1                 .L0 
8020083a 8020083a      166     1                 kernel_main
80200852 80200852        0     1                 .L0 
80200868 80200868        0     1                 .L0 
80200868 80200868        0     1                 .L0 
80200870 80200870        0     1                 .L0 
80200874 80200874        0     1                 .L0 
80200874 80200874        0     1                 .L0 
80200876 80200876        0     1                 .L0 
80200876 80200876        0     1                 .L0 
80200878 80200878        0     1                 .L0 
8020087e 8020087e        0     1                 .L0 
8020087e 8020087e        0     1                 .L0 
8020088a 8020088a        0     1                 .L0 
8020088e 8020088e        0     1                 .L0 
80200890 80200890        0     1                 .L0 
802008a2 802008a2        0     1                 .L0 
802008a2 802008a2        0     1                 .L0 
802008b6 802008b6        0     1                 .L0 
802008b6 802008b6        0     1                 .L0 
802008be 802008be        0     1                 .L0 
802008be 802008be        0     1                 .L0 
802008c0 802008c0        0     1                 .L0 
802008c2 802008c2        0     1                 .L0 
802008ca 802008ca        0     1                 .L0 
802008ce 802008ce        0     1                 .L0 
802008d2 802008d2        0     1                 .L0 
802008e6 802008e6        0     1                 .L0 
802008e8 802008e8        0     1                 .L0 
802008e8 802008e8        0     1                 .L0 
802008f0 802008f0        0     1                 .L0 
802008f0 802008f0        0     1                 .L0 
802008f4 802008f4        0     1                 .L0 
802008f4 802008f4        0     1                 .L0 
802008f6 802008f6        0     1                 .L0 
802008fc 802008fc        0     1                 .L0 
80200900 80200900        0     1                 .L0 
80200900 80200900        0     1                 .L0 
80200914 80200914        0     1                 .L0 
80200916 80200916        0     1                 .L0 
80200916 80200916        0     1                 .L0 
8020091e 8020091e        0     1                 .L0 
8020091e 8020091e        0     1                 .L0 
8020092a 8020092a        0     1                 .L0 
8020092a 8020092a        0     1                 .L0 
80200936 80200936        0     1                 .L0 
80200936 80200936        0     1                 .L0 
8020093e 8020093e        0     1                 .L0 
8020093e 8020093e        0     1                 .L0 
8020094a 8020094a        0     1                 .L0 
8020094a 8020094a        0     1                 .L0 
8020095e 8020095e        0     1                 .L0 
8020095e 8020095e        0     1                 .L0 
80200972 80200972        0     1                 .L0 
80200972 80200972        0     1                 .L0 
80200986 80200986        0     1                 .L0 
80200986 80200986        0     1                 .L0 
80200988 80200988        0     1                 .L0 
80200988 80200988        0     1                 .L0 
8020099e 8020099e        0     1                 .L0 
802009a0 802009a0        0     1                 .L0 
802009a0 802009a0        0     1                 .L0 
802009a0 802009a0      276     2         /var/folders/hw/r5t5ryts3r7fw374z_3h5bmw0000gp/T/common-ea5e4b.o:(.text)
802009a0 802009a0        0     1                 .L0 
802009a0 802009a0        0     1                 .L0 
802009a0 802009a0        0     1                 $x
802009a0 802009a0        0     1                 .L0 
802009a0 802009a0      1a8     1                 printf
802009bc 802009bc        0     1                 .L0 
802009e6 802009e6        0     1                 .L0 
802009f6 802009f6        0     1                 .L0 
802009f6 802009f6        0     1                 .L0 
802009fa 802009fa        0     1                 .L0 
802009fa 802009fa        0     1                 .L0 
802009fc 802009fc        0     1                 .L0 
80200a00 80200a00        0     1                 .L0 
80200a08 80200a08        0     1                 .L0 
80200a08 80200a08        0     1                 .L0 
80200a0a 80200a0a        0     1                 .L0 
80200a0a 80200a0a        0     1                 .L0 
80200a0c 80200a0c        0     1                 .L0 
80200a0e 80200a0e        0     1                 .L0 
80200a0e 80200a0e        0     1                 .L0 
80200a14 80200a14        0     1                 .L0 
80200a24 80200a24        0     1                 .L0 
80200a24 80200a24        0     1                 .L0 
80200a30 80200a30        0     1                 .L0 
80200a30 80200a30        0     1                 .L0 
80200a34 80200a34        0     1                 .L0 
80200a34 80200a34        0     1                 .L0 
80200a36 80200a36        0     1                 .L0 
80200a3c 80200a3c        0     1                 .L0 
80200a3c 80200a3c        0     1                 .L0 
80200a44 80200a44        0     1                 .L0 
80200a44 80200a44        0     1                 .L0 
80200a4e 80200a4e        0     1                 .L0 
80200a4e 80200a4e        0     1                 .L0 
80200a52 80200a52        0     1                 .L0 
80200a52 80200a52        0     1                 .L0 
80200a54 80200a54        0     1                 .L0 
80200a58 80200a58        0     1                 .L0 
80200a5a 80200a5a        0     1                 .L0 
80200a5a 80200a5a        0     1                 .L0 
80200a60 80200a60        0     1                 .L0 
80200a60 80200a60        0     1                 .L0 
80200a62 80200a62        0     1                 .L0 
80200a66 80200a66        0     1                 .L0 
80200a68 80200a68        0     1                 .L0 
80200a68 80200a68        0     1                 .L0 
80200a6e 80200a6e        0     1                 .L0 
80200a6e 80200a6e        0     1                 .L0 
80200a70 80200a70        0     1                 .L0 
80200a74 80200a74        0     1                 .L0 
80200a76 80200a76        0     1                 .L0 
80200a76 80200a76        0     1                 .L0 
80200a7c 80200a7c        0     1                 .L0 
80200a7c 80200a7c        0     1                 .L0 
80200a7e 80200a7e        0     1                 .L0 
80200a82 80200a82        0     1                 .L0 
80200a84 80200a84        0     1                 .L0 
80200a84 80200a84        0     1                 .L0 
80200a8a 80200a8a        0     1                 .L0 
80200a8a 80200a8a        0     1                 .L0 
80200a8c 80200a8c        0     1                 .L0 
80200a90 80200a90        0     1                 .L0 
80200a92 80200a92        0     1                 .L0 
80200a92 80200a92        0     1                 .L0 
80200a98 80200a98        0     1                 .L0 
80200a98 80200a98        0     1                 .L0 
80200a9a 80200a9a        0     1                 .L0 
80200a9e 80200a9e        0     1                 .L0 
80200aa0 80200aa0        0     1                 .L0 
80200aa0 80200aa0        0     1                 .L0 
80200aa6 80200aa6        0     1                 .L0 
80200aa6 80200aa6        0     1                 .L0 
80200aa8 80200aa8        0     1                 .L0 
80200aac 80200aac        0     1                 .L0 
80200aae 80200aae        0     1                 .L0 
80200aae 80200aae        0     1                 .L0 
80200ab0 80200ab0        0     1                 .L0 
80200ab0 80200ab0        0     1                 .L0 
80200ab2 80200ab2        0     1                 .L0 
80200ab6 80200ab6        0     1                 .L0 
80200ab6 80200ab6        0     1                 .L0 
80200ab8 80200ab8        0     1                 .L0 
80200ab8 80200ab8        0     1                 .L0 
80200aba 80200aba        0     1                 .L0 
80200abc 80200abc        0     1                 .L0 
80200abc 80200abc        0     1                 .L0 
80200abc 80200abc        0     1                 .L0 
80200ac6 80200ac6        0     1                 .L0 
80200aca 80200aca        0     1                 .L0 
80200ad0 80200ad0        0     1                 .L0 
80200ad0 80200ad0        0     1                 .L0 
80200ad0 80200ad0        0     1                 .L0 
80200ad6 80200ad6        0     1                 .L0 
80200ad6 80200ad6        0     1                 .L0 
80200ada 80200ada        0     1                 .L0 
80200adc 80200adc        0     1                 .L0 
80200ae0 80200ae0        0     1                 .L0 
80200ae0 80200ae0        0     1                 .L0 
80200ae0 80200ae0        0     1                 .L0 
80200ae6 80200ae6        0     1                 .L0 
80200ae6 80200ae6        0     1                 .L0 
80200aea 80200aea        0     1                 .L0 
80200aec 80200aec        0     1                 .L0 
80200af0 80200af0        0     1                 .L0 
80200af0 80200af0        0     1                 .L0 
80200af0 80200af0        0     1                 .L0 
80200af6 80200af6        0     1                 .L0 
80200af8 80200af8        0     1                 .L0 
80200afc 80200afc        0     1                 .L0 
80200b00 80200b00        0     1                 .L0 
80200b00 80200b00        0     1                 .L0 
80200b00 80200b00        0     1                 .L0 
80200b02 80200b02        0     1                 .L0 
80200b02 80200b02        0     1                 .L0 
80200b06 80200b06        0     1                 .L0 
80200b0a 80200b0a        0     1                 .L0 
80200b10 80200b10        0     1                 .L0 
80200b10 80200b10        0     1                 .L0 
80200b1e 80200b1e        0     1                 .L0 
80200b1e 80200b1e        0     1                 .L0 
80200b24 80200b24        0     1                 .L0 
80200b24 80200b24        0     1                 .L0 
80200b24 80200b24        0     1                 .L0 
80200b2a 80200b2a        0     1                 .L0 
80200b2a 80200b2a        0     1                 .L0 
80200b2a 80200b2a        0     1                 .L0 
80200b2e 80200b2e        0     1                 .L0 
80200b44 80200b44        0     1                 .L0 
80200b48 80200b48        0     1                 .L0 
80200b48 80200b48        0     1                 .L0 
80200b48 80200b48        0     1                 .L0 
80200b48 80200b48        0     1                 .L0 
80200b48 80200b48        0     1                 .L0 
80200b48 80200b48       1c     1                 memcpy
80200b4c 80200b4c        0     1                 .L0 
80200b4c 80200b4c        0     1                 .L0 
80200b4e 80200b4e        0     1                 .L0 
80200b58 80200b58        0     1                 .L0 
80200b5e 80200b5e        0     1                 .L0 
80200b5e 80200b5e        0     1                 .L0 
80200b62 80200b62        0     1                 .L0 
80200b62 80200b62        0     1                 .L0 
80200b64 80200b64        0     1                 .L0 
80200b64 80200b64        0     1                 .L0 
80200b64 80200b64        0     1                 .L0 
80200b64 80200b64       16     1                 memset
80200b68 80200b68        0     1                 .L0 
80200b68 80200b68        0     1                 .L0 
80200b6a 80200b6a        0     1                 .L0 
80200b6e 80200b6e        0     1                 .L0 
80200b74 80200b74        0     1                 .L0 
80200b74 80200b74        0     1                 .L0 
80200b78 80200b78        0     1                 .L0 
80200b78 80200b78        0     1                 .L0 
80200b7a 80200b7a        0     1                 .L0 
80200b7a 80200b7a        0     1                 .L0 
80200b7a 80200b7a        0     1                 .L0 
80200b7a 80200b7a       24     1                 strcpy
80200b80 80200b80        0     1                 .L0 
80200b84 80200b84        0     1                 .L0 
80200b84 80200b84        0     1                 .L0 
80200b86 80200b86        0     1                 .L0 
80200b92 80200b92        0     1                 .L0 
80200b94 80200b94        0     1                 .L0 
80200b96 80200b96        0     1                 .L0 
80200b98 80200b98        0     1                 .L0 
80200b98 80200b98        0     1                 .L0 
80200b9c 80200b9c        0     1                 .L0 
80200b9e 80200b9e        0     1                 .L0 
80200b9e 80200b9e        0     1                 .L0 
80200b9e 80200b9e        0     1                 .L0 
80200b9e 80200b9e       24     1                 strcmp
80200ba2 80200ba2        0     1                 .L0 
80200ba4 80200ba4        0     1                 .L0 
80200ba6 80200ba6        0     1                 .L0 
80200baa 80200baa        0     1                 .L0 
80200bae 80200bae        0     1                 .L0 
80200bae 80200bae        0     1                 .L0 
80200bb4 80200bb4        0     1                 .L0 
80200bb6 80200bb6        0     1                 .L0 
80200bb8 80200bb8        0     1                 .L0 
80200bc0 80200bc0        0     1                 .L0 
80200bc2 80200bc2        0     1                 .L0 
80200bc2 80200bc2        0     1                 .L0 
80200bc2 80200bc2        0     1                 .L0 
80200bc2 80200bc2       22     1                 strncmp
80200bc4 80200bc4        0     1                 .L0 
80200bc4 80200bc4        0     1                 .L0 
80200bcc 80200bcc        0     1                 .L0 
80200bcc 80200bcc        0     1                 .L0 
80200bd2 80200bd2        0     1                 .L0 
80200bd2 80200bd2        0     1                 .L0 
80200bd8 80200bd8        0     1                 .L0 
80200bda 80200bda        0     1                 .L0 
80200bda 80200bda        0     1                 .L0 
80200bde 80200bde        0     1                 .L0 
80200be2 80200be2        0     1                 .L0 
80200be2 80200be2        0     1                 .L0 
80200be4 80200be4        0     1                 .L0 
80200be4 80200be4        0     1                 .L0 
80200be4 80200be4        0     1                 .L0 
80200be4 80200be4        0     1                 .L0 
80200be4 80200be4        a     1                 srand
80200bec 80200bec        0     1                 .L0 
80200bee 80200bee        0     1                 .L0 
80200bee 80200bee        0     1                 .L0 
80200bee 80200bee        0     1                 .L0 
80200bee 80200bee        0     1                 .L0 
80200bee 80200bee        0     1                 .L0 
80200bee 80200bee       28     1                 rand
80200bfe 80200bfe        0     1                 .L0 
80200c08 80200c08        0     1                 .L0 
80200c0a 80200c0a        0     1                 .L0 
80200c10 80200c10        0     1                 .L0 
80200c14 80200c14        0     1                 .L0 
80200c16 80200c16        0     1                 .L0 
80200c16 80200c16        0     1                 .L0 
80200c16 80200c16      322     2         /var/folders/hw/r5t5ryts3r7fw374z_3h5bmw0000gp/T/virtio-4e8055.o:(.text)
80200c16 80200c16        0     1                 .L0 
80200c16 80200c16        0     1                 .L0 
80200c16 80200c16        0     1                 $x
80200c16 80200c16        0     1                 .L0 
80200c16 80200c16        a     1                 virtio_reg_read32
80200c1e 80200c1e        0     1                 .L0 
80200c20 80200c20        0     1                 .L0 
80200c20 80200c20        0     1                 .L0 
80200c20 80200c20        0     1                 .L0 
80200c20 80200c20        c     1                 virtio_reg_read64
80200c2a 80200c2a        0     1                 .L0 
80200c2c 80200c2c        0     1                 .L0 
80200c2c 80200c2c        0     1                 .L0 
80200c2c 80200c2c        0     1                 .L0 
80200c2c 80200c2c        a     1                 virtio_reg_write32
80200c34 80200c34        0     1                 .L0 
80200c36 80200c36        0     1                 .L0 
80200c36 80200c36        0     1                 .L0 
80200c36 80200c36        0     1                 .L0 
80200c36 80200c36        e     1                 virtio_reg_fetch_and_or32
80200c40 80200c40        0     1                 .L0 
80200c42 80200c42        0     1                 .L0 
80200c44 80200c44        0     1                 .L0 
80200c44 80200c44        0     1                 .L0 
80200c44 80200c44        0     1                 .L0 
80200c44 80200c44       38     1                 virtq_init
80200c4a 80200c4a        0     1                 .L0 
80200c4c 80200c4c        0     1                 .L0 
80200c52 80200c52        0     1                 .L0 
80200c52 80200c52        0     1                 .L0 
80200c6a 80200c6a        0     1                 .L0 
80200c6c 80200c6c        0     1                 .L0 
80200c6e 80200c6e        0     1                 .L0 
80200c72 80200c72        0     1                 .L0 
80200c74 80200c74        0     1                 .L0 
80200c78 80200c78        0     1                 .L0 
80200c78 80200c78        0     1                 .L0 
80200c7c 80200c7c        0     1                 .L0 
80200c7c 80200c7c        0     1                 .L0 
80200c7c 80200c7c        0     1                 .L0 
80200c7c 80200c7c        0     1                 .L0 
80200c7c 80200c7c        0     1                 .L0 
80200c7c 80200c7c       fc     1                 virtio_blk_init
80200c84 80200c84        0     1                 .L0 
80200c88 80200c88        0     1                 .L0 
80200c92 80200c92        0     1                 .L0 
80200c96 80200c96        0     1                 .L0 
80200c96 80200c96        0     1                 .L0 
80200c9a 80200c9a        0     1                 .L0 
80200c9e 80200c9e        0     1                 .L0 
80200c9e 80200c9e        0     1                 .L0 
80200ca2 80200ca2        0     1                 .L0 
80200ca6 80200ca6        0     1                 .L0 
80200ca6 80200ca6        0     1                 .L0 
80200caa 80200caa        0     1                 .L0 
80200caa 80200caa        0     1                 .L0 
80200cac 80200cac        0     1                 .L0 
80200cb0 80200cb0        0     1                 .L0 
80200cb0 80200cb0        0     1                 .L0 
80200cb2 80200cb2        0     1                 .L0 
80200cb2 80200cb2        0     1                 .L0 
80200cb4 80200cb4        0     1                 .L0 
80200cb8 80200cb8        0     1                 .L0 
80200cb8 80200cb8        0     1                 .L0 
80200cba 80200cba        0     1                 .L0 
80200cba 80200cba        0     1                 .L0 
80200cbc 80200cbc        0     1                 .L0 
80200cc0 80200cc0        0     1                 .L0 
80200cc0 80200cc0        0     1                 .L0 
80200cc2 80200cc2        0     1                 .L0 
80200cc2 80200cc2        0     1                 .L0 
80200cc8 80200cc8        0     1                 .L0 
80200cc8 80200cc8        0     1                 .L0 
80200cd2 80200cd2        0     1                 .L0 
80200cd4 80200cd4        0     1                 .L0 
80200cd8 80200cd8        0     1                 .L0 
80200cdc 80200cdc        0     1                 .L0 
80200cdc 80200cdc        0     1                 .L0 
80200ce2 80200ce2        0     1                 .L0 
80200ce2 80200ce2        0     1                 .L0 
80200ce6 80200ce6        0     1                 .L0 
80200ce6 80200ce6        0     1                 .L0 
80200ce8 80200ce8        0     1                 .L0 
80200ce8 80200ce8        0     1                 .L0 
80200cec 80200cec        0     1                 .L0 
80200cec 80200cec        0     1                 .L0 
80200cee 80200cee        0     1                 .L0 
80200cee 80200cee        0     1                 .L0 
80200cf2 80200cf2        0     1                 .L0 
80200cf2 80200cf2        0     1                 .L0 
80200cf4 80200cf4        0     1                 .L0 
80200cf4 80200cf4        0     1                 .L0 
80200cf8 80200cf8        0     1                 .L0 
80200cfc 80200cfc        0     1                 .L0 
80200d00 80200d00        0     1                 .L0 
80200d0c 80200d0c        0     1                 .L0 
80200d10 80200d10        0     1                 .L0 
80200d1a 80200d1a        0     1                 .L0 
80200d1a 80200d1a        0     1                 .L0 
80200d20 80200d20        0     1                 .L0 
80200d20 80200d20        0     1                 .L0 
80200d24 80200d24        0     1                 .L0 
80200d26 80200d26        0     1                 .L0 
80200d2c 80200d2c        0     1                 .L0 
80200d30 80200d30        0     1                 .L0 
80200d30 80200d30        0     1                 .L0 
80200d46 80200d46        0     1                 .L0 
80200d48 80200d48        0     1                 .L0 
80200d48 80200d48        0     1                 .L0 
80200d5e 80200d5e        0     1                 .L0 
80200d60 80200d60        0     1                 .L0 
80200d60 80200d60        0     1                 .L0 
80200d76 80200d76        0     1                 .L0 
80200d78 80200d78        0     1                 .L0 
80200d78 80200d78        0     1                 .L0 
80200d78 80200d78        0     1                 .L0 
80200d78 80200d78        0     1                 .L0 
80200d78 80200d78        0     1                 .L0 
80200d78 80200d78       34     1                 virtq_kick
80200d9a 80200d9a        0     1                 .L0 
80200d9e 80200d9e        0     1                 .L0 
80200daa 80200daa        0     1                 .L0 
80200dac 80200dac        0     1                 .L0 
80200dac 80200dac        0     1                 .L0 
80200dac 80200dac        0     1                 .L0 
80200dac 80200dac       18     1                 virtq_is_busy
80200db0 80200db0        0     1                 .L0 
80200dc2 80200dc2        0     1                 .L0 
80200dc4 80200dc4        0     1                 .L0 
80200dc4 80200dc4        0     1                 .L0 
80200dc4 80200dc4        0     1                 .L0 
80200dc4 80200dc4      174     1                 read_write_disk
80200dd0 80200dd0        0     1                 .L0 
80200dd2 80200dd2        0     1                 .L0 
80200dd2 80200dd2        0     1                 .L0 
80200dde 80200dde        0     1                 .L0 
80200de8 80200de8        0     1                 .L0 
80200df4 80200df4        0     1                 .L0 
80200df6 80200df6        0     1                 .L0 
80200e1a 80200e1a        0     1                 .L0 
80200e3a 80200e3a        0     1                 .L0 
80200e3c 80200e3c        0     1                 .L0 
80200e3e 80200e3e        0     1                 .L0 
80200e46 80200e46        0     1                 .L0 
80200e46 80200e46        0     1                 .L0 
80200e4a 80200e4a        0     1                 .L0 
80200e4a 80200e4a        0     1                 .L0 
80200e4a 80200e4a        0     1                 .L0 
80200e4e 80200e4e        0     1                 .L0 
80200e52 80200e52        0     1                 .L0 
80200e56 80200e56        0     1                 .L0 
80200e5c 80200e5c        0     1                 .L0 
80200e5e 80200e5e        0     1                 .L0 
80200e5e 80200e5e        0     1                 .L0 
80200e60 80200e60        0     1                 .L0 
80200e60 80200e60        0     1                 .L0 
80200e60 80200e60        0     1                 .L0 
80200e60 80200e60        0     1                 .L0 
80200e60 80200e60        0     1                 .L0 
80200e62 80200e62        0     1                 .L0 
80200e62 80200e62        0     1                 .L0 
80200e76 80200e76        0     1                 .L0 
80200e76 80200e76        0     1                 .L0 
80200e80 80200e80        0     1                 .L0 
80200ea6 80200ea6        0     1                 .L0 
80200eaa 80200eaa        0     1                 .L0 
80200eb6 80200eb6        0     1                 .L0 
80200ebe 80200ebe        0     1                 .L0 
80200ed4 80200ed4        0     1                 .L0 
80200ee8 80200ee8        0     1                 .L0 
80200eec 80200eec        0     1                 .L0 
80200ef0 80200ef0        0     1                 .L0 
80200ef6 80200ef6        0     1                 .L0 
80200ef8 80200ef8        0     1                 .L0 
80200efa 80200efa        0     1                 .L0 
80200f02 80200f02        0     1                 .L0 
80200f06 80200f06        0     1                 .L0 
80200f0a 80200f0a        0     1                 .L0 
80200f0c 80200f0c        0     1                 .L0 
80200f0e 80200f0e        0     1                 .L0 
80200f0e 80200f0e        0     1                 .L0 
80200f10 80200f10        0     1                 .L0 
80200f10 80200f10        0     1                 .L0 
80200f10 80200f10        0     1                 .L0 
80200f10 80200f10        0     1                 .L0 
80200f10 80200f10        0     1                 .L0 
80200f12 80200f12        0     1                 .L0 
80200f16 80200f16        0     1                 .L0 
80200f1a 80200f1a        0     1                 .L0 
80200f1c 80200f1c        0     1                 .L0 
80200f20 80200f20        0     1                 .L0 
80200f20 80200f20        0     1                 .L0 
80200f24 80200f24        0     1                 .L0 
80200f2a 80200f2a        0     1                 .L0 
80200f2e 80200f2e        0     1                 .L0 
80200f32 80200f32        0     1                 .L0 
80200f36 80200f36        0     1                 .L0 
80200f38 80200f38        0     1                 .L0 
80200f38 80200f38        0     1                 .L0 
80200f38 80200f38        0     1                 .L0 
80200f38 80200f38      9b2     2         /var/folders/hw/r5t5ryts3r7fw374z_3h5bmw0000gp/T/fat16-bb6044.o:(.text)
80200f38 80200f38        0     1                 .L0 
80200f38 80200f38        0     1                 .L0 
80200f38 80200f38        0     1                 $x
80200f38 80200f38        0     1                 .L0 
80200f38 80200f38       5a     1                 init_fat16_disk
80200f48 80200f48        0     1                 .L0 
80200f4a 80200f4a        0     1                 .L0 
80200f52 80200f52        0     1                 .L0 
80200f56 80200f56        0     1                 .L0 
80200f5c 80200f5c        0     1                 .L0 
80200f5c 80200f5c        0     1                 .L0 
80200f5c 80200f5c        0     1                 .L0 
80200f64 80200f64        0     1                 .L0 
80200f64 80200f64        0     1                 .L0 
80200f66 80200f66        0     1                 .L0 
80200f6a 80200f6a        0     1                 .L0 
80200f6a 80200f6a        0     1                 .L0 
80200f72 80200f72        0     1                 .L0 
80200f72 80200f72        0     1                 .L0 
80200f72 80200f72        0     1                 .L0 
80200f7a 80200f7a        0     1                 .L0 
80200f7a 80200f7a        0     1                 .L0 
80200f7c 80200f7c        0     1                 .L0 
80200f80 80200f80        0     1                 .L0 
80200f80 80200f80        0     1                 .L0 
80200f8c 80200f8c        0     1                 .L0 
80200f92 80200f92        0     1                 .L0 
80200f92 80200f92        0     1                 .L0 
80200f92 80200f92        0     1                 .L0 
80200f92 80200f92        0     1                 .L0 
80200f92 80200f92        0     1                 .L0 
80200f92 80200f92        c     1                 read_cluster
80200f98 80200f98        0     1                 .L0 
80200f98 80200f98        0     1                 .L0 
80200f9c 80200f9c        0     1                 .L0 
80200f9e 80200f9e        0     1                 .L0 
80200f9e 80200f9e        0     1                 .L0 
80200f9e 80200f9e        0     1                 .L0 
80200f9e 80200f9e        0     1                 .L0 
80200f9e 80200f9e        0     1                 .L0 
80200f9e 80200f9e        0     1                 .L0 
80200f9e 80200f9e        c     1                 write_cluster
80200fa2 80200fa2        0     1                 .L0 
80200fa6 80200fa6        0     1                 .L0 
80200fa8 80200fa8        0     1                 .L0 
80200faa 80200faa        0     1                 .L0 
80200faa 80200faa        0     1                 .L0 
80200faa 80200faa        0     1                 .L0 
80200faa 80200faa        0     1                 .L0 
80200faa 80200faa        0     1                 .L0 
80200faa 80200faa        0     1                 .L0 
80200faa 80200faa      350     1                 create_file
80200fe2 80200fe2        0     1                 .L0 
80200fe4 80200fe4        0     1                 .L0 
80200fe6 80200fe6        0     1                 .L0 
80200fe8 80200fe8        0     1                 .L0 
80200ff6 80200ff6        0     1                 .L0 
80200ff6 80200ff6        0     1                 .L0 
80200ff6 80200ff6        0     1                 .L0 
80200ffe 80200ffe        0     1                 .L0 
80200ffe 80200ffe        0     1                 .L0 
80201000 80201000        0     1                 .L0 
80201004 80201004        0     1                 .L0 
80201008 80201008        0     1                 .L0 
80201008 80201008        0     1                 .L0 
80201018 80201018        0     1                 .L0 
80201018 80201018        0     1                 .L0 
80201018 80201018        0     1                 .L0 
80201020 80201020        0     1                 .L0 
80201020 80201020        0     1                 .L0 
80201022 80201022        0     1                 .L0 
80201026 80201026        0     1                 .L0 
8020102a 8020102a        0     1                 .L0 
8020102a 8020102a        0     1                 .L0 
8020103c 8020103c        0     1                 .L0 
8020103c 8020103c        0     1                 .L0 
80201040 80201040        0     1                 .L0 
80201046 80201046        0     1                 .L0 
8020104c 8020104c        0     1                 .L0 
80201050 80201050        0     1                 .L0 
80201050 80201050        0     1                 .L0 
8020105a 8020105a        0     1                 .L0 
8020105a 8020105a        0     1                 .L0 
8020105a 8020105a        0     1                 .L0 
8020106e 8020106e        0     1                 .L0 
8020106e 8020106e        0     1                 .L0 
80201074 80201074        0     1                 .L0 
80201076 80201076        0     1                 .L0 
80201080 80201080        0     1                 .L0 
80201080 80201080        0     1                 .L0 
8020108a 8020108a        0     1                 .L0 
8020108a 8020108a        0     1                 .L0 
8020108a 8020108a        0     1                 .L0 
80201094 80201094        0     1                 .L0 
80201094 80201094        0     1                 .L0 
802010a2 802010a2        0     1                 .L0 
802010a2 802010a2        0     1                 .L0 
802010a8 802010a8        0     1                 .L0 
802010aa 802010aa        0     1                 .L0 
802010ae 802010ae        0     1                 .L0 
802010b2 802010b2        0     1                 .L0 
802010b6 802010b6        0     1                 .L0 
802010bc 802010bc        0     1                 .L0 
802010be 802010be        0     1                 .L0 
802010c2 802010c2        0     1                 .L0 
802010c6 802010c6        0     1                 .L0 
802010ca 802010ca        0     1                 .L0 
802010d0 802010d0        0     1                 .L0 
802010d2 802010d2        0     1                 .L0 
802010d6 802010d6        0     1                 .L0 
802010da 802010da        0     1                 .L0 
802010de 802010de        0     1                 .L0 
802010e4 802010e4        0     1                 .L0 
802010e6 802010e6        0     1                 .L0 
802010ea 802010ea        0     1                 .L0 
802010ee 802010ee        0     1                 .L0 
802010f2 802010f2        0     1                 .L0 
802010f8 802010f8        0     1                 .L0 
802010fa 802010fa        0     1                 .L0 
802010fe 802010fe        0     1                 .L0 
80201102 80201102        0     1                 .L0 
80201106 80201106        0     1                 .L0 
8020110c 8020110c        0     1                 .L0 
8020110e 8020110e        0     1                 .L0 
80201112 80201112        0     1                 .L0 
80201116 80201116        0     1                 .L0 
8020111a 8020111a        0     1                 .L0 
80201120 80201120        0     1                 .L0 
80201122 80201122        0     1                 .L0 
80201126 80201126        0     1                 .L0 
8020112a 8020112a        0     1                 .L0 
8020112e 8020112e        0     1                 .L0 
80201134 80201134        0     1                 .L0 
80201136 80201136        0     1                 .L0 
8020113a 8020113a        0     1                 .L0 
8020113e 8020113e        0     1                 .L0 
80201142 80201142        0     1                 .L0 
80201148 80201148        0     1                 .L0 
8020114c 8020114c        0     1                 .L0 
80201150 80201150        0     1                 .L0 
80201152 80201152        0     1                 .L0 
80201156 80201156        0     1                 .L0 
80201158 80201158        0     1                 .L0 
8020115c 8020115c        0     1                 .L0 
80201160 80201160        0     1                 .L0 
80201162 80201162        0     1                 .L0 
80201166 80201166        0     1                 .L0 
8020116a 8020116a        0     1                 .L0 
8020116c 8020116c        0     1                 .L0 
80201170 80201170        0     1                 .L0 
80201198 80201198        0     1                 .L0 
80201198 80201198        0     1                 .L0 
8020119c 8020119c        0     1                 .L0 
8020119e 8020119e        0     1                 .L0 
802011ae 802011ae        0     1                 .L0 
802011b0 802011b0        0     1                 .L0 
802011b0 802011b0        0     1                 .L0 
802011b4 802011b4        0     1                 .L0 
802011b4 802011b4        0     1                 .L0 
802011b4 802011b4        0     1                 .L0 
802011b8 802011b8        0     1                 .L0 
802011b8 802011b8        0     1                 .L0 
802011be 802011be        0     1                 .L0 
802011c2 802011c2        0     1                 .L0 
802011c8 802011c8        0     1                 .L0 
802011c8 802011c8        0     1                 .L0 
802011ca 802011ca        0     1                 .L0 
802011ce 802011ce        0     1                 .L0 
802011ce 802011ce        0     1                 .L0 
802011d2 802011d2        0     1                 .L0 
802011d6 802011d6        0     1                 .L0 
802011da 802011da        0     1                 .L0 
802011da 802011da        0     1                 .L0 
802011da 802011da        0     1                 .L0 
802011e0 802011e0        0     1                 .L0 
802011e4 802011e4        0     1                 .L0 
802011ea 802011ea        0     1                 .L0 
802011ea 802011ea        0     1                 .L0 
802011ee 802011ee        0     1                 .L0 
802011f2 802011f2        0     1                 .L0 
802011f6 802011f6        0     1                 .L0 
802011fa 802011fa        0     1                 .L0 
802011fc 802011fc        0     1                 .L0 
80201204 80201204        0     1                 .L0 
8020120a 8020120a        0     1                 .L0 
80201220 80201220        0     1                 .L0 
80201222 80201222        0     1                 .L0 
80201222 80201222        0     1                 .L0 
80201228 80201228        0     1                 .L0 
80201228 80201228        0     1                 .L0 
80201228 80201228        0     1                 .L0 
8020122e 8020122e        0     1                 .L0 
8020122e 8020122e        0     1                 .L0 
80201234 80201234        0     1                 .L0 
80201234 80201234        0     1                 .L0 
80201234 80201234        0     1                 .L0 
8020123c 8020123c        0     1                 .L0 
8020123c 8020123c        0     1                 .L0 
8020123c 8020123c        0     1                 .L0 
80201240 80201240        0     1                 .L0 
80201242 80201242        0     1                 .L0 
80201242 80201242        0     1                 .L0 
80201242 80201242        0     1                 .L0 
80201276 80201276        0     1                 .L0 
8020127c 8020127c        0     1                 .L0 
8020127c 8020127c        0     1                 .L0 
8020127c 8020127c        0     1                 .L0 
80201282 80201282        0     1                 .L0 
80201286 80201286        0     1                 .L0 
80201286 80201286        0     1                 .L0 
80201288 80201288        0     1                 .L0 
80201288 80201288        0     1                 .L0 
8020128e 8020128e        0     1                 .L0 
8020128e 8020128e        0     1                 .L0 
8020128e 8020128e        0     1                 .L0 
80201296 80201296        0     1                 .L0 
80201296 80201296        0     1                 .L0 
80201298 80201298        0     1                 .L0 
8020129c 8020129c        0     1                 .L0 
802012a0 802012a0        0     1                 .L0 
802012a0 802012a0        0     1                 .L0 
802012b0 802012b0        0     1                 .L0 
802012b0 802012b0        0     1                 .L0 
802012b0 802012b0        0     1                 .L0 
802012b8 802012b8        0     1                 .L0 
802012b8 802012b8        0     1                 .L0 
802012ba 802012ba        0     1                 .L0 
802012be 802012be        0     1                 .L0 
802012c2 802012c2        0     1                 .L0 
802012c2 802012c2        0     1                 .L0 
802012d2 802012d2        0     1                 .L0 
802012d2 802012d2        0     1                 .L0 
802012d2 802012d2        0     1                 .L0 
802012da 802012da        0     1                 .L0 
802012da 802012da        0     1                 .L0 
802012dc 802012dc        0     1                 .L0 
802012e0 802012e0        0     1                 .L0 
802012e4 802012e4        0     1                 .L0 
802012e4 802012e4        0     1                 .L0 
802012f6 802012f6        0     1                 .L0 
802012f6 802012f6        0     1                 .L0 
802012fa 802012fa        0     1                 .L0 
802012fa 802012fa        0     1                 .L0 
802012fa 802012fa        0     1                 .L0 
802012fa 802012fa        0     1                 .L0 
802012fa 802012fa        0     1                 .L0 
802012fa 802012fa      204     1                 list_root_dir
80201312 80201312        0     1                 .L0 
80201322 80201322        0     1                 .L0 
80201322 80201322        0     1                 .L0 
80201322 80201322        0     1                 .L0 
8020132a 8020132a        0     1                 .L0 
8020132a 8020132a        0     1                 .L0 
8020132c 8020132c        0     1                 .L0 
80201330 80201330        0     1                 .L0 
80201334 80201334        0     1                 .L0 
80201334 80201334        0     1                 .L0 
80201340 80201340        0     1                 .L0 
80201340 80201340        0     1                 .L0 
8020137e 8020137e        0     1                 .L0 
8020137e 8020137e        0     1                 .L0 
8020137e 8020137e        0     1                 .L0 
80201382 80201382        0     1                 .L0 
80201382 80201382        0     1                 .L0 
80201384 80201384        0     1                 .L0 
80201388 80201388        0     1                 .L0 
80201388 80201388        0     1                 .L0 
80201388 80201388        0     1                 .L0 
8020138a 8020138a        0     1                 .L0 
8020138a 8020138a        0     1                 .L0 
8020138e 8020138e        0     1                 .L0 
80201398 80201398        0     1                 .L0 
80201398 80201398        0     1                 .L0 
802013b6 802013b6        0     1                 .L0 
802013bc 802013bc        0     1                 .L0 
802013bc 802013bc        0     1                 .L0 
802013c2 802013c2        0     1                 .L0 
802013c2 802013c2        0     1                 .L0 
802013ce 802013ce        0     1                 .L0 
802013d4 802013d4        0     1                 .L0 
802013d4 802013d4        0     1                 .L0 
802013d6 802013d6        0     1                 .L0 
802013da 802013da        0     1                 .L0 
802013de 802013de        0     1                 .L0 
802013de 802013de        0     1                 .L0 
802013de 802013de        0     1                 .L0 
802013e2 802013e2        0     1                 .L0 
802013e8 802013e8        0     1                 .L0 
802013e8 802013e8        0     1                 .L0 
802013ec 802013ec        0     1                 .L0 
802013ee 802013ee        0     1                 .L0 
802013f2 802013f2        0     1                 .L0 
802013f8 802013f8        0     1                 .L0 
802013f8 802013f8        0     1                 .L0 
802013fe 802013fe        0     1                 .L0 
80201402 80201402        0     1                 .L0 
80201406 80201406        0     1                 .L0 
80201410 80201410        0     1                 .L0 
80201414 80201414        0     1                 .L0 
80201418 80201418        0     1                 .L0 
80201418 80201418        0     1                 .L0 
8020141c 8020141c        0     1                 .L0 
80201420 80201420        0     1                 .L0 
80201420 80201420        0     1                 .L0 
80201424 80201424        0     1                 .L0 
80201428 80201428        0     1                 .L0 
80201428 80201428        0     1                 .L0 
8020142c 8020142c        0     1                 .L0 
80201430 80201430        0     1                 .L0 
80201430 80201430        0     1                 .L0 
80201434 80201434        0     1                 .L0 
80201438 80201438        0     1                 .L0 
80201438 80201438        0     1                 .L0 
8020143c 8020143c        0     1                 .L0 
80201440 80201440        0     1                 .L0 
80201440 80201440        0     1                 .L0 
80201444 80201444        0     1                 .L0 
8020144a 8020144a        0     1                 .L0 
8020144a 8020144a        0     1                 .L0 
80201454 80201454        0     1                 .L0 
80201458 80201458        0     1                 .L0 
8020145c 8020145c        0     1                 .L0 
80201466 80201466        0     1                 .L0 
8020146a 8020146a        0     1                 .L0 
8020146e 8020146e        0     1                 .L0 
80201478 80201478        0     1                 .L0 
8020147c 8020147c        0     1                 .L0 
80201480 80201480        0     1                 .L0 
8020148a 8020148a        0     1                 .L0 
8020148e 8020148e        0     1                 .L0 
80201492 80201492        0     1                 .L0 
8020149c 8020149c        0     1                 .L0 
802014a0 802014a0        0     1                 .L0 
802014a4 802014a4        0     1                 .L0 
802014ae 802014ae        0     1                 .L0 
802014b2 802014b2        0     1                 .L0 
802014b6 802014b6        0     1                 .L0 
802014b6 802014b6        0     1                 .L0 
802014ba 802014ba        0     1                 .L0 
802014c2 802014c2        0     1                 .L0 
802014c6 802014c6        0     1                 .L0 
802014ca 802014ca        0     1                 .L0 
802014ca 802014ca        0     1                 .L0 
802014ce 802014ce        0     1                 .L0 
802014d0 802014d0        0     1                 .L0 
802014d2 802014d2        0     1                 .L0 
802014d8 802014d8        0     1                 .L0 
802014dc 802014dc        0     1                 .L0 
802014e0 802014e0        0     1                 .L0 
802014e2 802014e2        0     1                 .L0 
802014e4 802014e4        0     1                 .L0 
802014e4 802014e4        0     1                 .L0 
802014fa 802014fa        0     1                 .L0 
802014fe 802014fe        0     1                 .L0 
802014fe 802014fe        0     1                 .L0 
802014fe 802014fe        0     1                 .L0 
802014fe 802014fe        0     1                 .L0 
802014fe 802014fe        0     1                 .L0 
802014fe 802014fe       c2     1                 read_file
8020151e 8020151e        0     1                 .L0 
80201520 80201520        0     1                 .L0 
80201522 80201522        0     1                 .L0 
80201524 80201524        0     1                 .L0 
80201532 80201532        0     1                 .L0 
80201532 80201532        0     1                 .L0 
80201532 80201532        0     1                 .L0 
8020153a 8020153a        0     1                 .L0 
8020153a 8020153a        0     1                 .L0 
8020153c 8020153c        0     1                 .L0 
80201540 80201540        0     1                 .L0 
80201544 80201544        0     1                 .L0 
80201544 80201544        0     1                 .L0 
80201546 80201546        0     1                 .L0 
80201550 80201550        0     1                 .L0 
80201552 80201552        0     1                 .L0 
80201554 80201554        0     1                 .L0 
80201554 80201554        0     1                 .L0 
80201558 80201558        0     1                 .L0 
80201564 80201564        0     1                 .L0 
80201564 80201564        0     1                 .L0 
80201564 80201564        0     1                 .L0 
80201568 80201568        0     1                 .L0 
8020156e 8020156e        0     1                 .L0 
8020156e 8020156e        0     1                 .L0 
80201572 80201572        0     1                 .L0 
80201574 80201574        0     1                 .L0 
80201574 80201574        0     1                 .L0 
80201578 80201578        0     1                 .L0 
8020157c 8020157c        0     1                 .L0 
8020157c 8020157c        0     1                 .L0 
80201586 80201586        0     1                 .L0 
80201586 80201586        0     1                 .L0 
80201588 80201588        0     1                 .L0 
8020158e 8020158e        0     1                 .L0 
8020158e 8020158e        0     1                 .L0 
80201592 80201592        0     1                 .L0 
80201592 80201592        0     1                 .L0 
80201596 80201596        0     1                 .L0 
80201598 80201598        0     1                 .L0 
80201598 80201598        0     1                 .L0 
8020159c 8020159c        0     1                 .L0 
8020159c 8020159c        0     1                 .L0 
8020159c 8020159c        0     1                 .L0 
8020159e 8020159e        0     1                 .L0 
8020159e 8020159e        0     1                 .L0 
802015ba 802015ba        0     1                 .L0 
802015c0 802015c0        0     1                 .L0 
802015c0 802015c0        0     1                 .L0 
802015c0 802015c0        0     1                 .L0 
802015c0 802015c0        0     1                 .L0 
802015c0 802015c0        0     1                 .L0 
802015c0 802015c0      32a     1                 concatenate
802015f2 802015f2        0     1                 .L0 
80201600 80201600        0     1                 .L0 
80201600 80201600        0     1                 .L0 
80201600 80201600        0     1                 .L0 
8020160a 8020160a        0     1                 .L0 
8020160a 8020160a        0     1                 .L0 
8020160c 8020160c        0     1                 .L0 
80201610 80201610        0     1                 .L0 
80201614 80201614        0     1                 .L0 
80201614 80201614        0     1                 .L0 
80201624 80201624        0     1                 .L0 
80201624 80201624        0     1                 .L0 
80201624 80201624        0     1                 .L0 
8020162e 8020162e        0     1                 .L0 
8020162e 8020162e        0     1                 .L0 
80201630 80201630        0     1                 .L0 
80201634 80201634        0     1                 .L0 
80201638 80201638        0     1                 .L0 
80201638 80201638        0     1                 .L0 
80201640 80201640        0     1                 .L0 
80201642 80201642        0     1                 .L0 
80201646 80201646        0     1                 .L0 
8020164a 8020164a        0     1                 .L0 
8020164a 8020164a        0     1                 .L0 
80201656 80201656        0     1                 .L0 
80201658 80201658        0     1                 .L0 
8020165c 8020165c        0     1                 .L0 
80201660 80201660        0     1                 .L0 
80201660 80201660        0     1                 .L0 
80201664 80201664        0     1                 .L0 
80201666 80201666        0     1                 .L0 
8020166a 8020166a        0     1                 .L0 
8020166e 8020166e        0     1                 .L0 
8020166e 8020166e        0     1                 .L0 
80201672 80201672        0     1                 .L0 
80201674 80201674        0     1                 .L0 
80201678 80201678        0     1                 .L0 
8020167c 8020167c        0     1                 .L0 
8020167c 8020167c        0     1                 .L0 
80201680 80201680        0     1                 .L0 
80201682 80201682        0     1                 .L0 
80201686 80201686        0     1                 .L0 
8020168a 8020168a        0     1                 .L0 
[...]
802016c8 802016c8        0     1                 .L0 
802016cc 802016cc        0     1                 .L0 
802016d0 802016d0        0     1                 .L0 
802016d0 802016d0        0     1                 .L0 
802016d4 802016d4        0     1                 .L0 
802016d6 802016d6        0     1                 .L0 
802016da 802016da        0     1                 .L0 
802016de 802016de        0     1                 .L0 
802016de 802016de        0     1                 .L0 
802016e2 802016e2        0     1                 .L0 
802016e4 802016e4        0     1                 .L0 
802016e8 802016e8        0     1                 .L0 
802016ec 802016ec        0     1                 .L0 
802016ec 802016ec        0     1                 .L0 
802016f0 802016f0        0     1                 .L0 
802016f2 802016f2        0     1                 .L0 
802016f6 802016f6        0     1                 .L0 
802016fa 802016fa        0     1                 .L0 
802016fa 802016fa        0     1                 .L0 
802016fe 802016fe        0     1                 .L0 
80201700 80201700        0     1                 .L0 
80201704 80201704        0     1                 .L0 
80201708 80201708        0     1                 .L0 
80201708 80201708        0     1                 .L0 
8020170c 8020170c        0     1                 .L0 
8020170e 8020170e        0     1                 .L0 
80201712 80201712        0     1                 .L0 
80201716 80201716        0     1                 .L0 
80201716 80201716        0     1                 .L0 
8020171a 8020171a        0     1                 .L0 
80201720 80201720        0     1                 .L0 
80201720 80201720        0     1                 .L0 
80201720 80201720        0     1                 .L0 
8020172a 8020172a        0     1                 .L0 
8020172a 8020172a        0     1                 .L0 
8020172a 8020172a        0     1                 .L0 
80201730 80201730        0     1                 .L0 
80201730 80201730        0     1                 .L0 
80201734 80201734        0     1                 .L0 
80201734 80201734        0     1                 .L0 
80201736 80201736        0     1                 .L0 
80201736 80201736        0     1                 .L0 
80201736 80201736        0     1                 .L0 
8020173a 8020173a        0     1                 .L0 
8020173c 8020173c        0     1                 .L0 
8020173c 8020173c        0     1                 .L0 
8020173c 8020173c        0     1                 .L0 
80201740 80201740        0     1                 .L0 
80201742 80201742        0     1                 .L0 
80201742 80201742        0     1                 .L0 
80201742 80201742        0     1                 .L0 
80201746 80201746        0     1                 .L0 
80201748 80201748        0     1                 .L0 
80201748 80201748        0     1                 .L0 
80201748 80201748        0     1                 .L0 
8020174c 8020174c        0     1                 .L0 
8020174e 8020174e        0     1                 .L0 
8020174e 8020174e        0     1                 .L0 
8020174e 8020174e        0     1                 .L0 
80201752 80201752        0     1                 .L0 
80201754 80201754        0     1                 .L0 
80201754 80201754        0     1                 .L0 
80201754 80201754        0     1                 .L0 
80201758 80201758        0     1                 .L0 
8020175a 8020175a        0     1                 .L0 
8020175a 8020175a        0     1                 .L0 
8020175a 8020175a        0     1                 .L0 
8020175e 8020175e        0     1                 .L0 
80201760 80201760        0     1                 .L0 
80201760 80201760        0     1                 .L0 
80201760 80201760        0     1                 .L0 
80201764 80201764        0     1                 .L0 
80201766 80201766        0     1                 .L0 
80201766 80201766        0     1                 .L0 
80201766 80201766        0     1                 .L0 
8020176a 8020176a        0     1                 .L0 
8020176c 8020176c        0     1                 .L0 
8020176c 8020176c        0     1                 .L0 
8020176c 8020176c        0     1                 .L0 
80201770 80201770        0     1                 .L0 
80201772 80201772        0     1                 .L0 
80201772 80201772        0     1                 .L0 
80201772 80201772        0     1                 .L0 
80201776 80201776        0     1                 .L0 
80201778 80201778        0     1                 .L0 
80201778 80201778        0     1                 .L0 
80201778 80201778        0     1                 .L0 
8020177c 8020177c        0     1                 .L0 
8020177e 8020177e        0     1                 .L0 
8020177e 8020177e        0     1                 .L0 
8020177e 8020177e        0     1                 .L0 
80201782 80201782        0     1                 .L0 
80201784 80201784        0     1                 .L0 
80201784 80201784        0     1                 .L0 
80201784 80201784        0     1                 .L0 
80201788 80201788        0     1                 .L0 
80201788 80201788        0     1                 .L0 
802017aa 802017aa        0     1                 .L0 
802017aa 802017aa        0     1                 .L0 
802017b8 802017b8        0     1                 .L0 
802017c0 802017c0        0     1                 .L0 
802017c0 802017c0        0     1                 .L0 
802017ca 802017ca        0     1                 .L0 
802017d4 802017d4        0     1                 .L0 
802017d4 802017d4        0     1                 .L0 
802017d4 802017d4        0     1                 .L0 
802017de 802017de        0     1                 .L0 
802017de 802017de        0     1                 .L0 
802017e0 802017e0        0     1                 .L0 
802017e4 802017e4        0     1                 .L0 
802017e8 802017e8        0     1                 .L0 
802017e8 802017e8        0     1                 .L0 
802017ea 802017ea        0     1                 .L0 
802017f4 802017f4        0     1                 .L0 
802017f4 802017f4        0     1                 .L0 
802017fe 802017fe        0     1                 .L0 
802017fe 802017fe        0     1                 .L0 
802017fe 802017fe        0     1                 .L0 
80201802 80201802        0     1                 .L0 
80201806 80201806        0     1                 .L0 
80201806 80201806        0     1                 .L0 
8020180a 8020180a        0     1                 .L0 
8020183a 8020183a        0     1                 .L0 
8020183a 8020183a        0     1                 .L0 
8020183e 8020183e        0     1                 .L0 
8020183e 8020183e        0     1                 .L0 
8020183e 8020183e        0     1                 .L0 
8020184e 8020184e        0     1                 .L0 
8020184e 8020184e        0     1                 .L0 
8020184e 8020184e        0     1                 .L0 
80201852 80201852        0     1                 .L0 
8020185c 8020185c        0     1                 .L0 
8020185c 8020185c        0     1                 .L0 
80201860 80201860        0     1                 .L0 
80201862 80201862        0     1                 .L0 
80201862 80201862        0     1                 .L0 
80201866 80201866        0     1                 .L0 
8020186a 8020186a        0     1                 .L0 
8020186a 8020186a        0     1                 .L0 
80201876 80201876        0     1                 .L0 
80201876 80201876        0     1                 .L0 
80201878 80201878        0     1                 .L0 
8020187e 8020187e        0     1                 .L0 
8020187e 8020187e        0     1                 .L0 
80201882 80201882        0     1                 .L0 
80201882 80201882        0     1                 .L0 
80201886 80201886        0     1                 .L0 
80201888 80201888        0     1                 .L0 
80201888 80201888        0     1                 .L0 
8020188a 8020188a        0     1                 .L0 
8020188a 8020188a        0     1                 .L0 
80201896 80201896        0     1                 .L0 
80201896 80201896        0     1                 .L0 
80201898 80201898        0     1                 .L0 
80201898 80201898        0     1                 .L0 
80201898 80201898        0     1                 .L0 
8020189c 8020189c        0     1                 .L0 
802018a0 802018a0        0     1                 .L0 
802018a0 802018a0        0     1                 .L0 
802018a2 802018a2        0     1                 .L0 
802018a6 802018a6        0     1                 .L0 
802018a6 802018a6        0     1                 .L0 
802018ae 802018ae        0     1                 .L0 
802018ae 802018ae        0     1                 .L0 
802018b2 802018b2        0     1                 .L0 
802018b2 802018b2        0     1                 .L0 
802018b8 802018b8        0     1                 .L0 
802018ea 802018ea        0     1                 .L0 
802018ea 802018ea        0     1                 .L0 
802018ec 802018ec      4b7     4 .rodata
802018ec 802018ec       18     4         /var/folders/hw/r5t5ryts3r7fw374z_3h5bmw0000gp/T/kernel-a3d102.o:(.rodata)
802018ec 802018ec        0     1                 .LJTI10_0
802018ec 802018ec        0     1                 $d
80201904 80201904      49f     1         <internal>:(.rodata.str1.1)
80201da4 80201da4    105d8     4 .data
80201da4 80201da4        4     4         /var/folders/hw/r5t5ryts3r7fw374z_3h5bmw0000gp/T/kernel-a3d102.o:(.data)
80201da4 80201da4        4     1                 alloc_pages.next_paddr
80201da4 80201da4        0     1                 $d
80201da8 80201da8        4     4         /var/folders/hw/r5t5ryts3r7fw374z_3h5bmw0000gp/T/common-ea5e4b.o:(.data)
80201da8 80201da8        4     1                 next
80201da8 80201da8        0     1                 $d
80201dac 80201dac    105d0     1         shell.bin.o:(.data)
80201dac 80201dac        0     1                 _binary_shell_bin_start
8021237c 8021237c        0     1                 _binary_shell_bin_end
80212380 80212380    180a8     8 .bss
80212380 80212380        0     1         __bss = .
80212380 80212380    10090     4         /var/folders/hw/r5t5ryts3r7fw374z_3h5bmw0000gp/T/kernel-a3d102.o:(.bss)
80212380 80212380        0     1                 $d
80212380 80212380    10080     1                 procs
80222400 80222400        4     1                 proc_a
80222404 80222404        4     1                 proc_b
80222408 80222408        8     1                 .L_MergedGlobals
80222408 80222408        4     1                 idle_proc
8022240c 8022240c        4     1                 current_proc
80222410 80222410       18     8         /var/folders/hw/r5t5ryts3r7fw374z_3h5bmw0000gp/T/virtio-4e8055.o:(.bss)
80222410 80222410       18     1                 .L_MergedGlobals
80222410 80222410        0     1                 $d
80222410 80222410        4     1                 blk_request_vq
80222414 80222414        4     1                 blk_req_paddr
80222418 80222418        4     1                 blk_req
80222420 80222420        8     1                 blk_capacity
80222428 80222428     8000     4         /var/folders/hw/r5t5ryts3r7fw374z_3h5bmw0000gp/T/fat16-bb6044.o:(.bss)
80222428 80222428        0     1                 $d
80222428 80222428     4000     1                 root_dir
80226428 80226428     4000     1                 fat
8022a428 8022a428        0     1         __bss_end = .
8022a428 8022a428        0     1 . = ALIGN(4)
8022a428 8022a428    20000     1 . += 128 * 1024
8024a428 8024a428        0     1 __stack_top = .
8024a428 8024a428      bd8     1 . = ALIGN(4096)
8024b000 8024b000        0     1 __free_ram = .
8024b000 8024b000  4000000     1 . += 64 * 1024 * 1024
8424b000 8424b000        0     1 __free_ram_end = .
       0        0      ff3     1 .debug_loclists
       0        0      6a1     1         /var/folders/hw/r5t5ryts3r7fw374z_3h5bmw0000gp/T/kernel-a3d102.o:(.debug_loclists)
       0        0        0     1                 $d
       c        c        0     1                 .L0 
     6a1      6a1      224     1         /var/folders/hw/r5t5ryts3r7fw374z_3h5bmw0000gp/T/common-ea5e4b.o:(.debug_loclists)
     6a1      6a1        0     1                 $d
     6ad      6ad        0     1                 .L0 
     8c5      8c5      12b     1         /var/folders/hw/r5t5ryts3r7fw374z_3h5bmw0000gp/T/virtio-4e8055.o:(.debug_loclists)
     8c5      8c5        0     1                 $d
     8d1      8d1        0     1                 .L0 
     9f0      9f0      603     1         /var/folders/hw/r5t5ryts3r7fw374z_3h5bmw0000gp/T/fat16-bb6044.o:(.debug_loclists)
     9f0      9f0        0     1                 $d
     9fc      9fc        0     1                 .L0 
       0        0      90c     1 .debug_abbrev
       0        0      319     1         /var/folders/hw/r5t5ryts3r7fw374z_3h5bmw0000gp/T/kernel-a3d102.o:(.debug_abbrev)
       0        0        0     1                 $d
     319      319      157     1         /var/folders/hw/r5t5ryts3r7fw374z_3h5bmw0000gp/T/common-ea5e4b.o:(.debug_abbrev)
     319      319        0     1                 $d
     470      470      1ff     1         /var/folders/hw/r5t5ryts3r7fw374z_3h5bmw0000gp/T/virtio-4e8055.o:(.debug_abbrev)
     470      470        0     1                 $d
     66f      66f      29d     1         /var/folders/hw/r5t5ryts3r7fw374z_3h5bmw0000gp/T/fat16-bb6044.o:(.debug_abbrev)
     66f      66f        0     1                 $d
       0        0     20cb     1 .debug_info
       0        0      dc7     1         /var/folders/hw/r5t5ryts3r7fw374z_3h5bmw0000gp/T/kernel-a3d102.o:(.debug_info)
       0        0        0     1                 $d
     dc7      dc7      2aa     1         /var/folders/hw/r5t5ryts3r7fw374z_3h5bmw0000gp/T/common-ea5e4b.o:(.debug_info)
     dc7      dc7        0     1                 $d
    1071     1071      76b     1         /var/folders/hw/r5t5ryts3r7fw374z_3h5bmw0000gp/T/virtio-4e8055.o:(.debug_info)
    1071     1071        0     1                 $d
    17dc     17dc      8ef     1         /var/folders/hw/r5t5ryts3r7fw374z_3h5bmw0000gp/T/fat16-bb6044.o:(.debug_info)
    17dc     17dc        0     1                 $d
       0        0      15d     1 .debug_rnglists
       0        0       8f     1         /var/folders/hw/r5t5ryts3r7fw374z_3h5bmw0000gp/T/kernel-a3d102.o:(.debug_rnglists)
       0        0        0     1                 $d
       c        c        0     1                 .L0 
      8f       8f       2a     1         /var/folders/hw/r5t5ryts3r7fw374z_3h5bmw0000gp/T/common-ea5e4b.o:(.debug_rnglists)
      8f       8f        0     1                 $d
      9b       9b        0     1                 .L0 
      b9       b9       2a     1         /var/folders/hw/r5t5ryts3r7fw374z_3h5bmw0000gp/T/virtio-4e8055.o:(.debug_rnglists)
      b9       b9        0     1                 $d
      c5       c5        0     1                 .L0 
      e3       e3       7a     1         /var/folders/hw/r5t5ryts3r7fw374z_3h5bmw0000gp/T/fat16-bb6044.o:(.debug_rnglists)
      e3       e3        0     1                 $d
      ef       ef        0     1                 .L0 
       0        0      4b0     1 .debug_str_offsets
       0        0      1ec     1         /var/folders/hw/r5t5ryts3r7fw374z_3h5bmw0000gp/T/kernel-a3d102.o:(.debug_str_offsets)
       0        0        0     1                 $d
       8        8        0     1                 .L0 
     1ec      1ec       b0     1         /var/folders/hw/r5t5ryts3r7fw374z_3h5bmw0000gp/T/common-ea5e4b.o:(.debug_str_offsets)
     1ec      1ec        0     1                 $d
     1f4      1f4        0     1                 .L0 
     29c      29c      108     1         /var/folders/hw/r5t5ryts3r7fw374z_3h5bmw0000gp/T/virtio-4e8055.o:(.debug_str_offsets)
     29c      29c        0     1                 $d
     2a4      2a4        0     1                 .L0 
     3a4      3a4      10c     1         /var/folders/hw/r5t5ryts3r7fw374z_3h5bmw0000gp/T/fat16-bb6044.o:(.debug_str_offsets)
     3a4      3a4        0     1                 $d
     3ac      3ac        0     1                 .L0 
       0        0      785     1 .debug_str
       0        0      785     1         <internal>:(.debug_str)
       0        0      434     1 .debug_addr
       0        0      1ac     1         /var/folders/hw/r5t5ryts3r7fw374z_3h5bmw0000gp/T/kernel-a3d102.o:(.debug_addr)
       0        0        0     1                 $d
       8        8        0     1                 .L0 
     1ac      1ac       70     1         /var/folders/hw/r5t5ryts3r7fw374z_3h5bmw0000gp/T/common-ea5e4b.o:(.debug_addr)
     1ac      1ac        0     1                 $d
     1b4      1b4        0     1                 .L0 
     21c      21c       d8     1         /var/folders/hw/r5t5ryts3r7fw374z_3h5bmw0000gp/T/virtio-4e8055.o:(.debug_addr)
     21c      21c        0     1                 $d
     224      224        0     1                 .L0 
     2f4      2f4      140     1         /var/folders/hw/r5t5ryts3r7fw374z_3h5bmw0000gp/T/fat16-bb6044.o:(.debug_addr)
     2f4      2f4        0     1                 $d
     2fc      2fc        0     1                 .L0 
       0        0       3b     1 .comment
       0        0       3b     1         <internal>:(.comment)
       0        0       4e     1 .riscv.attributes
       0        0       4e     1         <internal>:(.riscv.attributes)
       0        0      514     4 .debug_frame
       0        0      1d4     4         /var/folders/hw/r5t5ryts3r7fw374z_3h5bmw0000gp/T/kernel-a3d102.o:(.debug_frame)
       0        0        0     1                 .L0 
       0        0        0     1                 $d
     1d4      1d4       c8     4         /var/folders/hw/r5t5ryts3r7fw374z_3h5bmw0000gp/T/common-ea5e4b.o:(.debug_frame)
     1d4      1d4        0     1                 .L0 
     1d4      1d4        0     1                 $d
     29c      29c      10c     4         /var/folders/hw/r5t5ryts3r7fw374z_3h5bmw0000gp/T/virtio-4e8055.o:(.debug_frame)
     29c      29c        0     1                 .L0 
     29c      29c        0     1                 $d
     3a8      3a8      16c     4         /var/folders/hw/r5t5ryts3r7fw374z_3h5bmw0000gp/T/fat16-bb6044.o:(.debug_frame)
     3a8      3a8        0     1                 .L0 
     3a8      3a8        0     1                 $d
       0        0     1a79     1 .debug_line
       0        0      8e9     1         /var/folders/hw/r5t5ryts3r7fw374z_3h5bmw0000gp/T/kernel-a3d102.o:(.debug_line)
       0        0        0     1                 .Lline_table_start0
       0        0        0     1                 $d
     8e9      8e9      380     1         /var/folders/hw/r5t5ryts3r7fw374z_3h5bmw0000gp/T/common-ea5e4b.o:(.debug_line)
     8e9      8e9        0     1                 .Lline_table_start0
     8e9      8e9        0     1                 $d
     c69      c69      3d2     1         /var/folders/hw/r5t5ryts3r7fw374z_3h5bmw0000gp/T/virtio-4e8055.o:(.debug_line)
     c69      c69        0     1                 .Lline_table_start0
     c69      c69        0     1                 $d
    103b     103b      a3e     1         /var/folders/hw/r5t5ryts3r7fw374z_3h5bmw0000gp/T/fat16-bb6044.o:(.debug_line)
    103b     103b        0     1                 .Lline_table_start0
    103b     103b        0     1                 $d
       0        0      116     1 .debug_line_str
       0        0      116     1         <internal>:(.debug_line_str)
       0        0      830     4 .symtab
       0        0      830     4         <internal>:(.symtab)
       0        0       dc     1 .shstrtab
       0        0       dc     1         <internal>:(.shstrtab)
       0        0      3cc     1 .strtab
       0        0      3cc     1         <internal>:(.strtab)
